// Jest Snapshot v1, https://goo.gl/fbAQLP

exports[`Webhook: /events/disabled Existing Installation 1`] = `"jira.v0.Action"`;

exports[`Webhook: /events/disabled Existing Installation 2`] = `
Object {
  "actionSource": "webhook",
  "association": "installation",
  "githubInstallationId": 10,
  "installationId": 19,
  "jiraHostname": "https://test-host.jira.com",
  "type": "disabled",
}
`;
