// Jest Snapshot v1, https://goo.gl/fbAQLP

exports[`Test getting a jira client Installation exists 1`] = `
{
  "baseURL": "https://test-atlassian-instance.atlassian.net",
  "deployment": {
    "submit": [Function],
  },
  "devinfo": {
    "branch": {
      "delete": [Function],
    },
    "installation": {
      "delete": [Function],
    },
    "pullRequest": {
      "delete": [Function],
    },
    "repository": {
      "delete": [Function],
      "update": [Function],
    },
  },
  "issues": {
    "comments": {
      "addForIssue": [Function],
      "deleteForIssue": [Function],
      "list": [Function],
      "updateForIssue": [Function],
    },
    "get": [Function],
    "getAll": [Function],
    "parse": [Function],
    "transitions": {
      "getForIssue": [Function],
      "updateForIssue": [Function],
    },
    "worklogs": {
      "addForIssue": [Function],
    },
  },
  "remoteLink": {
    "submit": [Function],
  },
  "security": {
    "submitVulnerabilities": [Function],
  },
  "workflow": {
    "submit": [Function],
  },
}
`;
