// Jest Snapshot v1, https://goo.gl/fbAQLP

exports[`Test getting a jira client Installation exists 1`] = `
Object {
  "appProperties": Object {
    "create": [Function],
    "delete": [Function],
    "get": [Function],
  },
  "baseURL": "https://test-atlassian-instance.atlassian.net",
  "deployment": Object {
    "submit": [Function],
  },
  "devinfo": Object {
    "branch": Object {
      "delete": [Function],
    },
    "installation": Object {
      "delete": [Function],
    },
    "pullRequest": Object {
      "delete": [Function],
    },
    "repository": Object {
      "delete": [Function],
      "update": [Function],
    },
  },
  "issues": Object {
    "comments": Object {
      "addForIssue": [Function],
      "deleteForIssue": [Function],
      "list": [Function],
      "updateForIssue": [Function],
    },
    "get": [Function],
    "getAll": [Function],
    "parse": [Function],
    "transitions": Object {
      "getForIssue": [Function],
      "updateForIssue": [Function],
    },
    "worklogs": Object {
      "addForIssue": [Function],
    },
  },
  "remoteLink": Object {
    "submit": [Function],
  },
  "workflow": Object {
    "submit": [Function],
  },
}
`;
