// Jest Snapshot v1, https://goo.gl/fbAQLP

exports[`deployment environment mapping should transform commonly used environment names to the expected environment types 1`] = `
Object {
  "development": Array [
    "development",
    "DEVELOPMENT",
    "development-east",
    "development-eu-west",
    "east-development",
    "jane-development-local",
    "development:east",
    "development_east",
    "development/east",
    "development east",
    "dev",
    "DEV",
    "dev-east",
    "dev-eu-west",
    "east-dev",
    "jane-dev-local",
    "dev:east",
    "dev_east",
    "dev/east",
    "dev east",
    "trunk",
    "TRUNK",
    "trunk-east",
    "trunk-eu-west",
    "east-trunk",
    "jane-trunk-local",
    "trunk:east",
    "trunk_east",
    "trunk/east",
    "trunk east",
    "dev",
    "DEV",
    "dev-east",
    "dev-eu-west",
    "east-dev",
    "jane-dev-local",
    "dev:east",
    "dev_east",
    "dev/east",
    "dev east",
  ],
  "production": Array [
    "production",
    "PRODUCTION",
    "production-east",
    "production-eu-west",
    "east-production",
    "jane-production-local",
    "production:east",
    "production_east",
    "production/east",
    "production east",
    "prod",
    "PROD",
    "prod-east",
    "prod-eu-west",
    "east-prod",
    "jane-prod-local",
    "prod:east",
    "prod_east",
    "prod/east",
    "prod east",
    "live",
    "LIVE",
    "live-east",
    "live-eu-west",
    "east-live",
    "jane-live-local",
    "live:east",
    "live_east",
    "live/east",
    "live east",
  ],
  "staging": Array [
    "staging",
    "STAGING",
    "staging-east",
    "staging-eu-west",
    "east-staging",
    "jane-staging-local",
    "staging:east",
    "staging_east",
    "staging/east",
    "staging east",
    "stage",
    "STAGE",
    "stage-east",
    "stage-eu-west",
    "east-stage",
    "jane-stage-local",
    "stage:east",
    "stage_east",
    "stage/east",
    "stage east",
    "stg",
    "STG",
    "stg-east",
    "stg-eu-west",
    "east-stg",
    "jane-stg-local",
    "stg:east",
    "stg_east",
    "stg/east",
    "stg east",
    "preprod",
    "PREPROD",
    "preprod-east",
    "preprod-eu-west",
    "east-preprod",
    "jane-preprod-local",
    "preprod:east",
    "preprod_east",
    "preprod/east",
    "preprod east",
    "model",
    "MODEL",
    "model-east",
    "model-eu-west",
    "east-model",
    "jane-model-local",
    "model:east",
    "model_east",
    "model/east",
    "model east",
    "internal",
    "INTERNAL",
    "internal-east",
    "internal-eu-west",
    "east-internal",
    "jane-internal-local",
    "internal:east",
    "internal_east",
    "internal/east",
    "internal east",
  ],
  "testing": Array [
    "testing",
    "TESTING",
    "testing-east",
    "testing-eu-west",
    "east-testing",
    "jane-testing-local",
    "testing:east",
    "testing_east",
    "testing/east",
    "testing east",
    "test",
    "TEST",
    "test-east",
    "test-eu-west",
    "east-test",
    "jane-test-local",
    "test:east",
    "test_east",
    "test/east",
    "test east",
    "tests",
    "TESTS",
    "tests-east",
    "tests-eu-west",
    "east-tests",
    "jane-tests-local",
    "tests:east",
    "tests_east",
    "tests/east",
    "tests east",
    "tst",
    "TST",
    "tst-east",
    "tst-eu-west",
    "east-tst",
    "jane-tst-local",
    "tst:east",
    "tst_east",
    "tst/east",
    "tst east",
    "integration",
    "INTEGRATION",
    "integration-east",
    "integration-eu-west",
    "east-integration",
    "jane-integration-local",
    "integration:east",
    "integration_east",
    "integration/east",
    "integration east",
    "integ",
    "INTEG",
    "integ-east",
    "integ-eu-west",
    "east-integ",
    "jane-integ-local",
    "integ:east",
    "integ_east",
    "integ/east",
    "integ east",
    "intg",
    "INTG",
    "intg-east",
    "intg-eu-west",
    "east-intg",
    "jane-intg-local",
    "intg:east",
    "intg_east",
    "intg/east",
    "intg east",
    "int",
    "INT",
    "int-east",
    "int-eu-west",
    "east-int",
    "jane-int-local",
    "int:east",
    "int_east",
    "int/east",
    "int east",
    "acceptance",
    "ACCEPTANCE",
    "acceptance-east",
    "acceptance-eu-west",
    "east-acceptance",
    "jane-acceptance-local",
    "acceptance:east",
    "acceptance_east",
    "acceptance/east",
    "acceptance east",
    "accept",
    "ACCEPT",
    "accept-east",
    "accept-eu-west",
    "east-accept",
    "jane-accept-local",
    "accept:east",
    "accept_east",
    "accept/east",
    "accept east",
    "acpt",
    "ACPT",
    "acpt-east",
    "acpt-eu-west",
    "east-acpt",
    "jane-acpt-local",
    "acpt:east",
    "acpt_east",
    "acpt/east",
    "acpt east",
    "qa",
    "QA",
    "qa-east",
    "qa-eu-west",
    "east-qa",
    "jane-qa-local",
    "qa:east",
    "qa_east",
    "qa/east",
    "qa east",
    "qc",
    "QC",
    "qc-east",
    "qc-eu-west",
    "east-qc",
    "jane-qc-local",
    "qc:east",
    "qc_east",
    "qc/east",
    "qc east",
    "control",
    "CONTROL",
    "control-east",
    "control-eu-west",
    "east-control",
    "jane-control-local",
    "control:east",
    "control_east",
    "control/east",
    "control east",
    "quality",
    "QUALITY",
    "quality-east",
    "quality-eu-west",
    "east-quality",
    "jane-quality-local",
    "quality:east",
    "quality_east",
    "quality/east",
    "quality east",
  ],
  "unmapped": Array [
    "some-random-name",
    "SOME-RANDOM-NAME",
    "some-random-name-east",
    "some-random-name-eu-west",
    "east-some-random-name",
    "jane-some-random-name-local",
    "some-random-name:east",
    "some-random-name_east",
    "some-random-name/east",
    "some-random-name east",
    "internet",
    "INTERNET",
    "internet-east",
    "internet-eu-west",
    "east-internet",
    "jane-internet-local",
    "internet:east",
    "internet_east",
    "internet/east",
    "internet east",
  ],
}
`;
