// Jest Snapshot v1, https://goo.gl/fbAQLP

exports[`API Authentication should return 200 if a valid token is provided 1`] = `Object {}`;

exports[`API Authentication should return 200 if token belongs to an admin 1`] = `Object {}`;

exports[`API Authentication should return 401 if the GraphQL query returns errors 1`] = `
Object {
  "errors": Array [
    Object {
      "extensions": Object {
        "code": "undefinedField",
        "fieldName": "foo",
        "typeName": "User",
      },
      "locations": Array [
        Object {
          "column": 5,
          "line": 4,
        },
      ],
      "message": "Field 'foo' doesn't exist on type 'User'",
      "path": Array [
        "query",
        "viewer",
        "foo",
      ],
    },
  ],
  "viewerPermissionQuery": "{
  viewer {
    login
    organization(login: \\"fusion-arc\\") {
      viewerCanAdminister
    }
  }
}
",
}
`;

exports[`API Authentication should return 401 if the returned organization is null 1`] = `
Object {
  "error": "Unauthorized",
  "message": "Token provided does not have required access",
}
`;

exports[`API Authentication should return 401 if the token is invalid 1`] = `
Object {
  "documentation_url": "https://developer.github.com/v4",
  "message": "Bad credentials",
}
`;

exports[`API Authentication should return 404 if no token is provided 1`] = `Object {}`;

exports[`API Endpoints installation should return 404 if no installation is found 1`] = `Object {}`;

exports[`API Endpoints installation should return information for an existing installation 1`] = `
Object {
  "connections": Array [
    Object {
      "isGlobalInstall": false,
      "syncStatus": null,
      "updated_at": "Invalid Date",
    },
  ],
  "failedConnections": Array [],
  "hasConnections": true,
  "host": "https://test-atlassian-instance.net",
  "installationId": "1234",
  "repoSyncState": "http://127.0.0.1/api/1234/repoSyncState.json",
}
`;

exports[`API Endpoints repoSyncState should return 404 if no installation is found 1`] = `Object {}`;

exports[`API Endpoints repoSyncState should return the repoSyncState information for an existing installation 1`] = `
Object {
  "jiraHost": "https://test-atlassian-instance.net",
  "numberOfSyncedRepos": 1,
  "repos": Object {
    "1": Object {
      "branchStatus": "complete",
      "commitStatus": "complete",
      "lastBranchCursor": "foo",
      "lastCommitCursor": "bar",
      "lastPullCursor": 12,
      "pullStatus": "complete",
      "repository": Object {
        "full_name": "atlassian/github-for-jira",
        "html_url": "github.com/atlassian/github-for-jira",
        "id": "1",
        "name": "github-for-jira",
        "owner": Object {
          "login": "atlassian",
        },
        "updated_at": "1970-01-01T00:00:00.000Z",
      },
    },
  },
}
`;

exports[`API Endpoints sync should reset repoSyncState if asked to 1`] = `"{\\"message\\":\\"Successfully (re)started sync for 1234\\"}"`;

exports[`API Endpoints sync should return 404 if no installation is found 1`] = `"Not Found"`;

exports[`API Endpoints sync should trigger the sync or start function 1`] = `"{\\"message\\":\\"Successfully (re)started sync for 1234\\"}"`;

exports[`API Endpoints verify should return 'Installation already enabled' 1`] = `"Verification successful"`;
